Error: inputs must be ARM relocatable objects
